training/image_2/IMG_8644.PNG training/gt_image_2_binary/IMG_road_8644.png
training/image_2/IMG_8645.PNG training/gt_image_2_binary/IMG_road_8645.png
training/image_2/IMG_8646.PNG training/gt_image_2_binary/IMG_road_8646.png
training/image_2/IMG_8651.PNG training/gt_image_2_binary/IMG_road_8651.png
training/image_2/IMG_8654.PNG training/gt_image_2_binary/IMG_road_8654.png
training/image_2/IMG_8655.PNG training/gt_image_2_binary/IMG_road_8655.png
training/image_2/IMG_8656.PNG training/gt_image_2_binary/IMG_road_8656.png
training/image_2/IMG_8658.PNG training/gt_image_2_binary/IMG_road_8658.png
training/image_2/IMG_8659.PNG training/gt_image_2_binary/IMG_road_8659.png
training/image_2/IMG_8660.PNG training/gt_image_2_binary/IMG_road_8660.png
training/image_2/IMG_8661.PNG training/gt_image_2_binary/IMG_road_8661.png
training/image_2/IMG_8662.PNG training/gt_image_2_binary/IMG_road_8662.png
training/image_2/IMG_8663.PNG training/gt_image_2_binary/IMG_road_8663.png
training/image_2/IMG_8664.PNG training/gt_image_2_binary/IMG_road_8664.png
training/image_2/IMG_8665.PNG training/gt_image_2_binary/IMG_road_8665.png
training/image_2/IMG_8666.PNG training/gt_image_2_binary/IMG_road_8666.png
training/image_2/IMG_8667.PNG training/gt_image_2_binary/IMG_road_8667.png
training/image_2/IMG_8670.PNG training/gt_image_2_binary/IMG_road_8670.png
training/image_2/IMG_8671.PNG training/gt_image_2_binary/IMG_road_8671.png
training/image_2/IMG_8672.PNG training/gt_image_2_binary/IMG_road_8672.png
training/image_2/IMG_8673.PNG training/gt_image_2_binary/IMG_road_8673.png
training/image_2/IMG_8674.PNG training/gt_image_2_binary/IMG_road_8674.png
training/image_2/IMG_8675.PNG training/gt_image_2_binary/IMG_road_8675.png
training/image_2/IMG_8676.PNG training/gt_image_2_binary/IMG_road_8676.png
training/image_2/IMG_8677.PNG training/gt_image_2_binary/IMG_road_8677.png
training/image_2/IMG_8678.PNG training/gt_image_2_binary/IMG_road_8678.png
training/image_2/IMG_8679.PNG training/gt_image_2_binary/IMG_road_8679.png
training/image_2/IMG_8681.PNG training/gt_image_2_binary/IMG_road_8681.png
training/image_2/IMG_8682.PNG training/gt_image_2_binary/IMG_road_8682.png
training/image_2/IMG_8683.PNG training/gt_image_2_binary/IMG_road_8683.png
training/image_2/IMG_8684.PNG training/gt_image_2_binary/IMG_road_8684.png
training/image_2/IMG_8685.PNG training/gt_image_2_binary/IMG_road_8685.png
training/image_2/IMG_8687.PNG training/gt_image_2_binary/IMG_road_8687.png
training/image_2/IMG_8688.PNG training/gt_image_2_binary/IMG_road_8688.png
training/image_2/IMG_8689.PNG training/gt_image_2_binary/IMG_road_8689.png
training/image_2/IMG_8690.PNG training/gt_image_2_binary/IMG_road_8690.png
training/image_2/IMG_8691.PNG training/gt_image_2_binary/IMG_road_8691.png
training/image_2/IMG_8692.PNG training/gt_image_2_binary/IMG_road_8692.png
training/image_2/IMG_8693.PNG training/gt_image_2_binary/IMG_road_8693.png
training/image_2/IMG_8694.PNG training/gt_image_2_binary/IMG_road_8694.png
training/image_2/IMG_8695.PNG training/gt_image_2_binary/IMG_road_8695.png
training/image_2/IMG_8696.PNG training/gt_image_2_binary/IMG_road_8696.png
training/image_2/img_000012.png training/gt_image_2_binary/img_road_000012.png
training/image_2/img_000013.png training/gt_image_2_binary/img_road_000013.png
training/image_2/img_000014.png training/gt_image_2_binary/img_road_000014.png
training/image_2/img_000015.png training/gt_image_2_binary/img_road_000015.png
training/image_2/img_000016.png training/gt_image_2_binary/img_road_000016.png
training/image_2/img_000017.png training/gt_image_2_binary/img_road_000017.png
training/image_2/img_000018.png training/gt_image_2_binary/img_road_000018.png
training/image_2/img_000019.png training/gt_image_2_binary/img_road_000019.png
training/image_2/img_000020.png training/gt_image_2_binary/img_road_000020.png
training/image_2/img_000021.png training/gt_image_2_binary/img_road_000021.png
training/image_2/img_000022.png training/gt_image_2_binary/img_road_000022.png
training/image_2/img_000023.png training/gt_image_2_binary/img_road_000023.png
training/image_2/img_000024.png training/gt_image_2_binary/img_road_000024.png
training/image_2/img_000025.png training/gt_image_2_binary/img_road_000025.png
training/image_2/img_000026.png training/gt_image_2_binary/img_road_000026.png
training/image_2/img_000027.png training/gt_image_2_binary/img_road_000027.png
training/image_2/img_000028.png training/gt_image_2_binary/img_road_000028.png
training/image_2/um_000000.png training/gt_image_2_binary/um_road_000000.png
training/image_2/um_000001.png training/gt_image_2_binary/um_road_000001.png
training/image_2/um_000002.png training/gt_image_2_binary/um_road_000002.png
training/image_2/um_000003.png training/gt_image_2_binary/um_road_000003.png
training/image_2/um_000004.png training/gt_image_2_binary/um_road_000004.png
training/image_2/um_000005.png training/gt_image_2_binary/um_road_000005.png
training/image_2/um_000006.png training/gt_image_2_binary/um_road_000006.png
training/image_2/um_000007.png training/gt_image_2_binary/um_road_000007.png
training/image_2/um_000008.png training/gt_image_2_binary/um_road_000008.png
training/image_2/um_000009.png training/gt_image_2_binary/um_road_000009.png
training/image_2/um_000010.png training/gt_image_2_binary/um_road_000010.png
training/image_2/um_000011.png training/gt_image_2_binary/um_road_000011.png
training/image_2/um_000012.png training/gt_image_2_binary/um_road_000012.png
training/image_2/um_000013.png training/gt_image_2_binary/um_road_000013.png
training/image_2/um_000014.png training/gt_image_2_binary/um_road_000014.png
training/image_2/um_000015.png training/gt_image_2_binary/um_road_000015.png
training/image_2/um_000016.png training/gt_image_2_binary/um_road_000016.png
training/image_2/um_000017.png training/gt_image_2_binary/um_road_000017.png
training/image_2/um_000018.png training/gt_image_2_binary/um_road_000018.png
training/image_2/um_000019.png training/gt_image_2_binary/um_road_000019.png
training/image_2/um_000020.png training/gt_image_2_binary/um_road_000020.png
training/image_2/um_000021.png training/gt_image_2_binary/um_road_000021.png
training/image_2/um_000022.png training/gt_image_2_binary/um_road_000022.png
training/image_2/um_000023.png training/gt_image_2_binary/um_road_000023.png
training/image_2/um_000024.png training/gt_image_2_binary/um_road_000024.png
training/image_2/um_000025.png training/gt_image_2_binary/um_road_000025.png
training/image_2/um_000026.png training/gt_image_2_binary/um_road_000026.png
training/image_2/um_000027.png training/gt_image_2_binary/um_road_000027.png
training/image_2/um_000028.png training/gt_image_2_binary/um_road_000028.png
training/image_2/um_000029.png training/gt_image_2_binary/um_road_000029.png
training/image_2/um_000030.png training/gt_image_2_binary/um_road_000030.png
training/image_2/um_000031.png training/gt_image_2_binary/um_road_000031.png
training/image_2/um_000032.png training/gt_image_2_binary/um_road_000032.png
training/image_2/um_000033.png training/gt_image_2_binary/um_road_000033.png
training/image_2/um_000034.png training/gt_image_2_binary/um_road_000034.png
training/image_2/um_000035.png training/gt_image_2_binary/um_road_000035.png
training/image_2/um_000036.png training/gt_image_2_binary/um_road_000036.png
training/image_2/um_000037.png training/gt_image_2_binary/um_road_000037.png
training/image_2/um_000038.png training/gt_image_2_binary/um_road_000038.png
training/image_2/um_000039.png training/gt_image_2_binary/um_road_000039.png
training/image_2/um_000040.png training/gt_image_2_binary/um_road_000040.png
training/image_2/um_000041.png training/gt_image_2_binary/um_road_000041.png
training/image_2/um_000042.png training/gt_image_2_binary/um_road_000042.png
training/image_2/um_000043.png training/gt_image_2_binary/um_road_000043.png
training/image_2/um_000044.png training/gt_image_2_binary/um_road_000044.png
training/image_2/um_000045.png training/gt_image_2_binary/um_road_000045.png
training/image_2/um_000046.png training/gt_image_2_binary/um_road_000046.png
training/image_2/um_000047.png training/gt_image_2_binary/um_road_000047.png
training/image_2/um_000048.png training/gt_image_2_binary/um_road_000048.png
training/image_2/um_000049.png training/gt_image_2_binary/um_road_000049.png
training/image_2/um_000050.png training/gt_image_2_binary/um_road_000050.png
training/image_2/um_000051.png training/gt_image_2_binary/um_road_000051.png
training/image_2/um_000052.png training/gt_image_2_binary/um_road_000052.png
training/image_2/um_000053.png training/gt_image_2_binary/um_road_000053.png
training/image_2/um_000054.png training/gt_image_2_binary/um_road_000054.png
training/image_2/um_000055.png training/gt_image_2_binary/um_road_000055.png
training/image_2/um_000056.png training/gt_image_2_binary/um_road_000056.png
training/image_2/um_000057.png training/gt_image_2_binary/um_road_000057.png
training/image_2/um_000058.png training/gt_image_2_binary/um_road_000058.png
training/image_2/um_000059.png training/gt_image_2_binary/um_road_000059.png
training/image_2/um_000060.png training/gt_image_2_binary/um_road_000060.png
training/image_2/um_000061.png training/gt_image_2_binary/um_road_000061.png
training/image_2/um_000062.png training/gt_image_2_binary/um_road_000062.png
training/image_2/um_000063.png training/gt_image_2_binary/um_road_000063.png
training/image_2/um_000064.png training/gt_image_2_binary/um_road_000064.png
training/image_2/um_000065.png training/gt_image_2_binary/um_road_000065.png
training/image_2/um_000066.png training/gt_image_2_binary/um_road_000066.png
training/image_2/um_000067.png training/gt_image_2_binary/um_road_000067.png
training/image_2/um_000068.png training/gt_image_2_binary/um_road_000068.png
training/image_2/um_000069.png training/gt_image_2_binary/um_road_000069.png
training/image_2/um_000070.png training/gt_image_2_binary/um_road_000070.png
training/image_2/um_000071.png training/gt_image_2_binary/um_road_000071.png
training/image_2/um_000072.png training/gt_image_2_binary/um_road_000072.png
training/image_2/um_000073.png training/gt_image_2_binary/um_road_000073.png
training/image_2/um_000074.png training/gt_image_2_binary/um_road_000074.png
training/image_2/um_000075.png training/gt_image_2_binary/um_road_000075.png
training/image_2/um_000076.png training/gt_image_2_binary/um_road_000076.png
training/image_2/um_000077.png training/gt_image_2_binary/um_road_000077.png
training/image_2/um_000078.png training/gt_image_2_binary/um_road_000078.png
training/image_2/um_000079.png training/gt_image_2_binary/um_road_000079.png
training/image_2/um_000080.png training/gt_image_2_binary/um_road_000080.png
training/image_2/um_000081.png training/gt_image_2_binary/um_road_000081.png
training/image_2/um_000082.png training/gt_image_2_binary/um_road_000082.png
training/image_2/um_000083.png training/gt_image_2_binary/um_road_000083.png
training/image_2/um_000084.png training/gt_image_2_binary/um_road_000084.png
training/image_2/um_000085.png training/gt_image_2_binary/um_road_000085.png
training/image_2/um_000086.png training/gt_image_2_binary/um_road_000086.png
training/image_2/um_000087.png training/gt_image_2_binary/um_road_000087.png
training/image_2/um_000088.png training/gt_image_2_binary/um_road_000088.png
training/image_2/um_000089.png training/gt_image_2_binary/um_road_000089.png
training/image_2/um_000090.png training/gt_image_2_binary/um_road_000090.png
training/image_2/um_000091.png training/gt_image_2_binary/um_road_000091.png
training/image_2/um_000092.png training/gt_image_2_binary/um_road_000092.png
training/image_2/um_000093.png training/gt_image_2_binary/um_road_000093.png
training/image_2/um_000094.png training/gt_image_2_binary/um_road_000094.png
training/image_2/umm_000000.png training/gt_image_2_binary/umm_road_000000.png
training/image_2/umm_000001.png training/gt_image_2_binary/umm_road_000001.png
training/image_2/umm_000002.png training/gt_image_2_binary/umm_road_000002.png
training/image_2/umm_000003.png training/gt_image_2_binary/umm_road_000003.png
training/image_2/umm_000004.png training/gt_image_2_binary/umm_road_000004.png
training/image_2/umm_000005.png training/gt_image_2_binary/umm_road_000005.png
training/image_2/umm_000006.png training/gt_image_2_binary/umm_road_000006.png
training/image_2/umm_000007.png training/gt_image_2_binary/umm_road_000007.png
training/image_2/umm_000008.png training/gt_image_2_binary/umm_road_000008.png
training/image_2/umm_000009.png training/gt_image_2_binary/umm_road_000009.png
training/image_2/umm_000010.png training/gt_image_2_binary/umm_road_000010.png
training/image_2/umm_000011.png training/gt_image_2_binary/umm_road_000011.png
training/image_2/umm_000012.png training/gt_image_2_binary/umm_road_000012.png
training/image_2/umm_000013.png training/gt_image_2_binary/umm_road_000013.png
training/image_2/umm_000014.png training/gt_image_2_binary/umm_road_000014.png
training/image_2/umm_000015.png training/gt_image_2_binary/umm_road_000015.png
training/image_2/umm_000016.png training/gt_image_2_binary/umm_road_000016.png
training/image_2/umm_000017.png training/gt_image_2_binary/umm_road_000017.png
training/image_2/umm_000018.png training/gt_image_2_binary/umm_road_000018.png
training/image_2/umm_000019.png training/gt_image_2_binary/umm_road_000019.png
training/image_2/umm_000020.png training/gt_image_2_binary/umm_road_000020.png
training/image_2/umm_000021.png training/gt_image_2_binary/umm_road_000021.png
training/image_2/umm_000022.png training/gt_image_2_binary/umm_road_000022.png
training/image_2/umm_000023.png training/gt_image_2_binary/umm_road_000023.png
training/image_2/umm_000024.png training/gt_image_2_binary/umm_road_000024.png
training/image_2/umm_000025.png training/gt_image_2_binary/umm_road_000025.png
training/image_2/umm_000026.png training/gt_image_2_binary/umm_road_000026.png
training/image_2/umm_000027.png training/gt_image_2_binary/umm_road_000027.png
training/image_2/umm_000028.png training/gt_image_2_binary/umm_road_000028.png
training/image_2/umm_000029.png training/gt_image_2_binary/umm_road_000029.png
training/image_2/umm_000030.png training/gt_image_2_binary/umm_road_000030.png
training/image_2/umm_000031.png training/gt_image_2_binary/umm_road_000031.png
training/image_2/umm_000032.png training/gt_image_2_binary/umm_road_000032.png
training/image_2/umm_000033.png training/gt_image_2_binary/umm_road_000033.png
training/image_2/umm_000034.png training/gt_image_2_binary/umm_road_000034.png
training/image_2/umm_000035.png training/gt_image_2_binary/umm_road_000035.png
training/image_2/umm_000036.png training/gt_image_2_binary/umm_road_000036.png
training/image_2/umm_000037.png training/gt_image_2_binary/umm_road_000037.png
training/image_2/umm_000038.png training/gt_image_2_binary/umm_road_000038.png
training/image_2/umm_000039.png training/gt_image_2_binary/umm_road_000039.png
training/image_2/umm_000040.png training/gt_image_2_binary/umm_road_000040.png
training/image_2/umm_000041.png training/gt_image_2_binary/umm_road_000041.png
training/image_2/umm_000042.png training/gt_image_2_binary/umm_road_000042.png
training/image_2/umm_000043.png training/gt_image_2_binary/umm_road_000043.png
training/image_2/umm_000044.png training/gt_image_2_binary/umm_road_000044.png
training/image_2/umm_000045.png training/gt_image_2_binary/umm_road_000045.png
training/image_2/umm_000046.png training/gt_image_2_binary/umm_road_000046.png
training/image_2/umm_000047.png training/gt_image_2_binary/umm_road_000047.png
training/image_2/umm_000048.png training/gt_image_2_binary/umm_road_000048.png
training/image_2/umm_000049.png training/gt_image_2_binary/umm_road_000049.png
training/image_2/umm_000050.png training/gt_image_2_binary/umm_road_000050.png
training/image_2/umm_000051.png training/gt_image_2_binary/umm_road_000051.png
training/image_2/umm_000052.png training/gt_image_2_binary/umm_road_000052.png
training/image_2/umm_000053.png training/gt_image_2_binary/umm_road_000053.png
training/image_2/umm_000054.png training/gt_image_2_binary/umm_road_000054.png
training/image_2/umm_000055.png training/gt_image_2_binary/umm_road_000055.png
training/image_2/umm_000056.png training/gt_image_2_binary/umm_road_000056.png
training/image_2/umm_000057.png training/gt_image_2_binary/umm_road_000057.png
training/image_2/umm_000058.png training/gt_image_2_binary/umm_road_000058.png
training/image_2/umm_000059.png training/gt_image_2_binary/umm_road_000059.png
training/image_2/umm_000060.png training/gt_image_2_binary/umm_road_000060.png
training/image_2/umm_000061.png training/gt_image_2_binary/umm_road_000061.png
training/image_2/umm_000062.png training/gt_image_2_binary/umm_road_000062.png
training/image_2/umm_000063.png training/gt_image_2_binary/umm_road_000063.png
training/image_2/umm_000064.png training/gt_image_2_binary/umm_road_000064.png
training/image_2/umm_000065.png training/gt_image_2_binary/umm_road_000065.png
training/image_2/umm_000066.png training/gt_image_2_binary/umm_road_000066.png
training/image_2/umm_000067.png training/gt_image_2_binary/umm_road_000067.png
training/image_2/umm_000068.png training/gt_image_2_binary/umm_road_000068.png
training/image_2/umm_000069.png training/gt_image_2_binary/umm_road_000069.png
training/image_2/umm_000070.png training/gt_image_2_binary/umm_road_000070.png
training/image_2/umm_000071.png training/gt_image_2_binary/umm_road_000071.png
training/image_2/umm_000072.png training/gt_image_2_binary/umm_road_000072.png
training/image_2/umm_000073.png training/gt_image_2_binary/umm_road_000073.png
training/image_2/umm_000074.png training/gt_image_2_binary/umm_road_000074.png
training/image_2/umm_000075.png training/gt_image_2_binary/umm_road_000075.png
training/image_2/umm_000076.png training/gt_image_2_binary/umm_road_000076.png
training/image_2/umm_000077.png training/gt_image_2_binary/umm_road_000077.png
training/image_2/umm_000078.png training/gt_image_2_binary/umm_road_000078.png
training/image_2/umm_000079.png training/gt_image_2_binary/umm_road_000079.png
training/image_2/umm_000080.png training/gt_image_2_binary/umm_road_000080.png
training/image_2/umm_000081.png training/gt_image_2_binary/umm_road_000081.png
training/image_2/umm_000082.png training/gt_image_2_binary/umm_road_000082.png
training/image_2/umm_000083.png training/gt_image_2_binary/umm_road_000083.png
training/image_2/umm_000084.png training/gt_image_2_binary/umm_road_000084.png
training/image_2/umm_000085.png training/gt_image_2_binary/umm_road_000085.png
training/image_2/umm_000086.png training/gt_image_2_binary/umm_road_000086.png
training/image_2/umm_000087.png training/gt_image_2_binary/umm_road_000087.png
training/image_2/umm_000088.png training/gt_image_2_binary/umm_road_000088.png
training/image_2/umm_000089.png training/gt_image_2_binary/umm_road_000089.png
training/image_2/umm_000090.png training/gt_image_2_binary/umm_road_000090.png
training/image_2/umm_000091.png training/gt_image_2_binary/umm_road_000091.png
training/image_2/umm_000092.png training/gt_image_2_binary/umm_road_000092.png
training/image_2/umm_000093.png training/gt_image_2_binary/umm_road_000093.png
training/image_2/umm_000094.png training/gt_image_2_binary/umm_road_000094.png
training/image_2/umm_000095.png training/gt_image_2_binary/umm_road_000095.png
training/image_2/uu_000000.png training/gt_image_2_binary/uu_road_000000.png
training/image_2/uu_000001.png training/gt_image_2_binary/uu_road_000001.png
training/image_2/uu_000002.png training/gt_image_2_binary/uu_road_000002.png
training/image_2/uu_000003.png training/gt_image_2_binary/uu_road_000003.png
training/image_2/uu_000004.png training/gt_image_2_binary/uu_road_000004.png
training/image_2/uu_000005.png training/gt_image_2_binary/uu_road_000005.png
training/image_2/uu_000006.png training/gt_image_2_binary/uu_road_000006.png
training/image_2/uu_000007.png training/gt_image_2_binary/uu_road_000007.png
training/image_2/uu_000008.png training/gt_image_2_binary/uu_road_000008.png
training/image_2/uu_000009.png training/gt_image_2_binary/uu_road_000009.png
training/image_2/uu_000010.png training/gt_image_2_binary/uu_road_000010.png
training/image_2/uu_000011.png training/gt_image_2_binary/uu_road_000011.png
training/image_2/uu_000012.png training/gt_image_2_binary/uu_road_000012.png
training/image_2/uu_000013.png training/gt_image_2_binary/uu_road_000013.png
training/image_2/uu_000014.png training/gt_image_2_binary/uu_road_000014.png
training/image_2/uu_000015.png training/gt_image_2_binary/uu_road_000015.png
training/image_2/uu_000016.png training/gt_image_2_binary/uu_road_000016.png
training/image_2/uu_000017.png training/gt_image_2_binary/uu_road_000017.png
training/image_2/uu_000018.png training/gt_image_2_binary/uu_road_000018.png
training/image_2/uu_000019.png training/gt_image_2_binary/uu_road_000019.png
training/image_2/uu_000020.png training/gt_image_2_binary/uu_road_000020.png
training/image_2/uu_000021.png training/gt_image_2_binary/uu_road_000021.png
training/image_2/uu_000022.png training/gt_image_2_binary/uu_road_000022.png
training/image_2/uu_000023.png training/gt_image_2_binary/uu_road_000023.png
training/image_2/uu_000024.png training/gt_image_2_binary/uu_road_000024.png
training/image_2/uu_000025.png training/gt_image_2_binary/uu_road_000025.png
training/image_2/uu_000026.png training/gt_image_2_binary/uu_road_000026.png
training/image_2/uu_000027.png training/gt_image_2_binary/uu_road_000027.png
training/image_2/uu_000028.png training/gt_image_2_binary/uu_road_000028.png
training/image_2/uu_000029.png training/gt_image_2_binary/uu_road_000029.png
training/image_2/uu_000030.png training/gt_image_2_binary/uu_road_000030.png
training/image_2/uu_000031.png training/gt_image_2_binary/uu_road_000031.png
training/image_2/uu_000032.png training/gt_image_2_binary/uu_road_000032.png
training/image_2/uu_000033.png training/gt_image_2_binary/uu_road_000033.png
training/image_2/uu_000034.png training/gt_image_2_binary/uu_road_000034.png
training/image_2/uu_000035.png training/gt_image_2_binary/uu_road_000035.png
training/image_2/uu_000036.png training/gt_image_2_binary/uu_road_000036.png
training/image_2/uu_000037.png training/gt_image_2_binary/uu_road_000037.png
training/image_2/uu_000038.png training/gt_image_2_binary/uu_road_000038.png
training/image_2/uu_000039.png training/gt_image_2_binary/uu_road_000039.png
training/image_2/uu_000040.png training/gt_image_2_binary/uu_road_000040.png
training/image_2/uu_000041.png training/gt_image_2_binary/uu_road_000041.png
training/image_2/uu_000042.png training/gt_image_2_binary/uu_road_000042.png
training/image_2/uu_000043.png training/gt_image_2_binary/uu_road_000043.png
training/image_2/uu_000044.png training/gt_image_2_binary/uu_road_000044.png
training/image_2/uu_000045.png training/gt_image_2_binary/uu_road_000045.png
training/image_2/uu_000046.png training/gt_image_2_binary/uu_road_000046.png
training/image_2/uu_000047.png training/gt_image_2_binary/uu_road_000047.png
training/image_2/uu_000048.png training/gt_image_2_binary/uu_road_000048.png
training/image_2/uu_000049.png training/gt_image_2_binary/uu_road_000049.png
training/image_2/uu_000050.png training/gt_image_2_binary/uu_road_000050.png
training/image_2/uu_000051.png training/gt_image_2_binary/uu_road_000051.png
training/image_2/uu_000052.png training/gt_image_2_binary/uu_road_000052.png
training/image_2/uu_000053.png training/gt_image_2_binary/uu_road_000053.png
training/image_2/uu_000054.png training/gt_image_2_binary/uu_road_000054.png
training/image_2/uu_000055.png training/gt_image_2_binary/uu_road_000055.png
training/image_2/uu_000056.png training/gt_image_2_binary/uu_road_000056.png
training/image_2/uu_000057.png training/gt_image_2_binary/uu_road_000057.png
training/image_2/uu_000058.png training/gt_image_2_binary/uu_road_000058.png
training/image_2/uu_000059.png training/gt_image_2_binary/uu_road_000059.png
training/image_2/uu_000060.png training/gt_image_2_binary/uu_road_000060.png
training/image_2/uu_000061.png training/gt_image_2_binary/uu_road_000061.png
training/image_2/uu_000062.png training/gt_image_2_binary/uu_road_000062.png
training/image_2/uu_000063.png training/gt_image_2_binary/uu_road_000063.png
training/image_2/uu_000064.png training/gt_image_2_binary/uu_road_000064.png
training/image_2/uu_000065.png training/gt_image_2_binary/uu_road_000065.png
training/image_2/uu_000066.png training/gt_image_2_binary/uu_road_000066.png
training/image_2/uu_000067.png training/gt_image_2_binary/uu_road_000067.png
training/image_2/uu_000068.png training/gt_image_2_binary/uu_road_000068.png
training/image_2/uu_000069.png training/gt_image_2_binary/uu_road_000069.png
training/image_2/uu_000070.png training/gt_image_2_binary/uu_road_000070.png
training/image_2/uu_000071.png training/gt_image_2_binary/uu_road_000071.png
training/image_2/uu_000072.png training/gt_image_2_binary/uu_road_000072.png
training/image_2/uu_000073.png training/gt_image_2_binary/uu_road_000073.png
training/image_2/uu_000074.png training/gt_image_2_binary/uu_road_000074.png
training/image_2/uu_000075.png training/gt_image_2_binary/uu_road_000075.png
training/image_2/uu_000076.png training/gt_image_2_binary/uu_road_000076.png
training/image_2/uu_000077.png training/gt_image_2_binary/uu_road_000077.png
training/image_2/uu_000078.png training/gt_image_2_binary/uu_road_000078.png
training/image_2/uu_000079.png training/gt_image_2_binary/uu_road_000079.png
training/image_2/uu_000080.png training/gt_image_2_binary/uu_road_000080.png
training/image_2/uu_000081.png training/gt_image_2_binary/uu_road_000081.png
training/image_2/uu_000082.png training/gt_image_2_binary/uu_road_000082.png
training/image_2/uu_000083.png training/gt_image_2_binary/uu_road_000083.png
training/image_2/uu_000084.png training/gt_image_2_binary/uu_road_000084.png
training/image_2/uu_000085.png training/gt_image_2_binary/uu_road_000085.png
training/image_2/uu_000086.png training/gt_image_2_binary/uu_road_000086.png
training/image_2/uu_000087.png training/gt_image_2_binary/uu_road_000087.png
training/image_2/uu_000088.png training/gt_image_2_binary/uu_road_000088.png
training/image_2/uu_000089.png training/gt_image_2_binary/uu_road_000089.png
training/image_2/uu_000090.png training/gt_image_2_binary/uu_road_000090.png
training/image_2/uu_000091.png training/gt_image_2_binary/uu_road_000091.png
training/image_2/uu_000092.png training/gt_image_2_binary/uu_road_000092.png
training/image_2/uu_000093.png training/gt_image_2_binary/uu_road_000093.png
training/image_2/uu_000094.png training/gt_image_2_binary/uu_road_000094.png
training/image_2/uu_000095.png training/gt_image_2_binary/uu_road_000095.png
training/image_2/uu_000096.png training/gt_image_2_binary/uu_road_000096.png
training/image_2/uu_000097.png training/gt_image_2_binary/uu_road_000097.png
training/image_2/var_10.PNG training/gt_image_2_binary/var_road_10.png
training/image_2/var_11.PNG training/gt_image_2_binary/var_road_11.png
training/image_2/var_13.PNG training/gt_image_2_binary/var_road_13.png
training/image_2/var_14.PNG training/gt_image_2_binary/var_road_14.png
training/image_2/var_2.PNG training/gt_image_2_binary/var_road_2.png
training/image_2/var_3.PNG training/gt_image_2_binary/var_road_3.png
training/image_2/var_4.PNG training/gt_image_2_binary/var_road_4.png
training/image_2/var_5.PNG training/gt_image_2_binary/var_road_5.png
training/image_2/var_6.PNG training/gt_image_2_binary/var_road_6.png
training/image_2/var_7.PNG training/gt_image_2_binary/var_road_7.png
training/image_2/var_8.PNG training/gt_image_2_binary/var_road_8.png
training/image_2/var_9.PNG training/gt_image_2_binary/var_road_9.png
